MPLINK 4.49, Linker
Linker Map File - Created Mon Jan 03 21:47:56 2022

                                 Section Info
                  Section       Type    Address   Location Size(Bytes)
                ---------  ---------  ---------  ---------  ---------
                   .org_0       code   0x000000    program   0x000000
                   .org_1       code   0x000000    program   0x000050



                              Program Memory Usage 
                               Start         End      
                           ---------   ---------      
                            0x000000    0x000027      
            40 out of 2311 program addresses used, program memory utilization is 1%



                              Symbols - Sorted by Name
                     Name    Address   Location    Storage File                     
                ---------  ---------  ---------  --------- ---------                
                     loop   0x000007    program     static C:\Users\choug\mcuDesignProjects\mpLab\highest_common_factor\Program_Rom.asm
                      mod   0x00001a    program     static C:\Users\choug\mcuDesignProjects\mpLab\highest_common_factor\Program_Rom.asm



                              Symbols - Sorted by Address
                     Name    Address   Location    Storage File                     
                ---------  ---------  ---------  --------- ---------                
                     loop   0x000007    program     static C:\Users\choug\mcuDesignProjects\mpLab\highest_common_factor\Program_Rom.asm
                      mod   0x00001a    program     static C:\Users\choug\mcuDesignProjects\mpLab\highest_common_factor\Program_Rom.asm


