MPLINK 4.49, Linker
Linker Map File - Created Mon Dec 27 11:27:46 2021

                                 Section Info
                  Section       Type    Address   Location Size(Bytes)
                ---------  ---------  ---------  ---------  ---------
                   .org_0       code   0x000000    program   0x000000
                   .org_1       code   0x000000    program   0x00003e



                              Program Memory Usage 
                               Start         End      
                           ---------   ---------      
                            0x000000    0x00001e      
            31 out of 2311 program addresses used, program memory utilization is 1%



                              Symbols - Sorted by Name
                     Name    Address   Location    Storage File                     
                ---------  ---------  ---------  --------- ---------                
                    delay   0x000014    program     static C:\Users\choug\mcuDesignProjects\mpLab\call_and_jump\Program_Rom.asm
                   delay1   0x000016    program     static C:\Users\choug\mcuDesignProjects\mpLab\call_and_jump\Program_Rom.asm
                   delay2   0x000017    program     static C:\Users\choug\mcuDesignProjects\mpLab\call_and_jump\Program_Rom.asm
                   delay3   0x000018    program     static C:\Users\choug\mcuDesignProjects\mpLab\call_and_jump\Program_Rom.asm
                    loop1   0x000003    program     static C:\Users\choug\mcuDesignProjects\mpLab\call_and_jump\Program_Rom.asm
                    loop2   0x000005    program     static C:\Users\choug\mcuDesignProjects\mpLab\call_and_jump\Program_Rom.asm
                    start   0x000000    program     static C:\Users\choug\mcuDesignProjects\mpLab\call_and_jump\Program_Rom.asm



                              Symbols - Sorted by Address
                     Name    Address   Location    Storage File                     
                ---------  ---------  ---------  --------- ---------                
                    start   0x000000    program     static C:\Users\choug\mcuDesignProjects\mpLab\call_and_jump\Program_Rom.asm
                    loop1   0x000003    program     static C:\Users\choug\mcuDesignProjects\mpLab\call_and_jump\Program_Rom.asm
                    loop2   0x000005    program     static C:\Users\choug\mcuDesignProjects\mpLab\call_and_jump\Program_Rom.asm
                    delay   0x000014    program     static C:\Users\choug\mcuDesignProjects\mpLab\call_and_jump\Program_Rom.asm
                   delay1   0x000016    program     static C:\Users\choug\mcuDesignProjects\mpLab\call_and_jump\Program_Rom.asm
                   delay2   0x000017    program     static C:\Users\choug\mcuDesignProjects\mpLab\call_and_jump\Program_Rom.asm
                   delay3   0x000018    program     static C:\Users\choug\mcuDesignProjects\mpLab\call_and_jump\Program_Rom.asm


