MPLINK 4.49, Linker
Linker Map File - Created Mon Jan 03 11:00:14 2022

                                 Section Info
                  Section       Type    Address   Location Size(Bytes)
                ---------  ---------  ---------  ---------  ---------
                   .org_0       code   0x000000    program   0x000000
                   .org_1       code   0x000000    program   0x000040



                              Program Memory Usage 
                               Start         End      
                           ---------   ---------      
                            0x000000    0x00001f      
            32 out of 2311 program addresses used, program memory utilization is 1%



                              Symbols - Sorted by Name
                     Name    Address   Location    Storage File                     
                ---------  ---------  ---------  --------- ---------                
                    delay   0x000015    program     static C:\Users\choug\mcuDesignProjects\mpLab\divide\Program_Rom.asm
                   delay1   0x000017    program     static C:\Users\choug\mcuDesignProjects\mpLab\divide\Program_Rom.asm
                   delay2   0x000018    program     static C:\Users\choug\mcuDesignProjects\mpLab\divide\Program_Rom.asm
                   delay3   0x000019    program     static C:\Users\choug\mcuDesignProjects\mpLab\divide\Program_Rom.asm
                     loop   0x000008    program     static C:\Users\choug\mcuDesignProjects\mpLab\divide\Program_Rom.asm



                              Symbols - Sorted by Address
                     Name    Address   Location    Storage File                     
                ---------  ---------  ---------  --------- ---------                
                     loop   0x000008    program     static C:\Users\choug\mcuDesignProjects\mpLab\divide\Program_Rom.asm
                    delay   0x000015    program     static C:\Users\choug\mcuDesignProjects\mpLab\divide\Program_Rom.asm
                   delay1   0x000017    program     static C:\Users\choug\mcuDesignProjects\mpLab\divide\Program_Rom.asm
                   delay2   0x000018    program     static C:\Users\choug\mcuDesignProjects\mpLab\divide\Program_Rom.asm
                   delay3   0x000019    program     static C:\Users\choug\mcuDesignProjects\mpLab\divide\Program_Rom.asm


