MPLINK 4.49, Linker
Linker Map File - Created Wed Dec 29 00:41:12 2021

                                 Section Info
                  Section       Type    Address   Location Size(Bytes)
                ---------  ---------  ---------  ---------  ---------
                   .org_0       code   0x000000    program   0x000000
                   .org_1       code   0x000000    program   0x000054



                              Program Memory Usage 
                               Start         End      
                           ---------   ---------      
                            0x000000    0x000029      
            42 out of 2311 program addresses used, program memory utilization is 1%



                              Symbols - Sorted by Name
                     Name    Address   Location    Storage File                     
                ---------  ---------  ---------  --------- ---------                
                 continue   0x00001f    program     static C:\Users\choug\mcuDesignProjects\mpLab\mcu_pipeline\Program_Rom.asm
                    loop1   0x000006    program     static C:\Users\choug\mcuDesignProjects\mpLab\mcu_pipeline\Program_Rom.asm
                    loop2   0x000008    program     static C:\Users\choug\mcuDesignProjects\mpLab\mcu_pipeline\Program_Rom.asm
                    loop3   0x00000b    program     static C:\Users\choug\mcuDesignProjects\mpLab\mcu_pipeline\Program_Rom.asm
                    loop4   0x00000d    program     static C:\Users\choug\mcuDesignProjects\mpLab\mcu_pipeline\Program_Rom.asm
                    start   0x000002    program     static C:\Users\choug\mcuDesignProjects\mpLab\mcu_pipeline\Program_Rom.asm



                              Symbols - Sorted by Address
                     Name    Address   Location    Storage File                     
                ---------  ---------  ---------  --------- ---------                
                    start   0x000002    program     static C:\Users\choug\mcuDesignProjects\mpLab\mcu_pipeline\Program_Rom.asm
                    loop1   0x000006    program     static C:\Users\choug\mcuDesignProjects\mpLab\mcu_pipeline\Program_Rom.asm
                    loop2   0x000008    program     static C:\Users\choug\mcuDesignProjects\mpLab\mcu_pipeline\Program_Rom.asm
                    loop3   0x00000b    program     static C:\Users\choug\mcuDesignProjects\mpLab\mcu_pipeline\Program_Rom.asm
                    loop4   0x00000d    program     static C:\Users\choug\mcuDesignProjects\mpLab\mcu_pipeline\Program_Rom.asm
                 continue   0x00001f    program     static C:\Users\choug\mcuDesignProjects\mpLab\mcu_pipeline\Program_Rom.asm


