MPLINK 4.49, Linker
Linker Map File - Created Mon Jan 03 10:26:45 2022

                                 Section Info
                  Section       Type    Address   Location Size(Bytes)
                ---------  ---------  ---------  ---------  ---------
                   .org_0       code   0x000000    program   0x000000
                   .org_1       code   0x000000    program   0x00002e



                              Program Memory Usage 
                               Start         End      
                           ---------   ---------      
                            0x000000    0x000016      
            23 out of 2311 program addresses used, program memory utilization is 0%



                              Symbols - Sorted by Name
                     Name    Address   Location    Storage File                     
                ---------  ---------  ---------  --------- ---------                
                    delay   0x00000c    program     static C:\Users\choug\mcuDesignProjects\mpLab\multiply\Program_Rom.asm
                   delay1   0x00000e    program     static C:\Users\choug\mcuDesignProjects\mpLab\multiply\Program_Rom.asm
                   delay2   0x00000f    program     static C:\Users\choug\mcuDesignProjects\mpLab\multiply\Program_Rom.asm
                   delay3   0x000010    program     static C:\Users\choug\mcuDesignProjects\mpLab\multiply\Program_Rom.asm
                     loop   0x000007    program     static C:\Users\choug\mcuDesignProjects\mpLab\multiply\Program_Rom.asm



                              Symbols - Sorted by Address
                     Name    Address   Location    Storage File                     
                ---------  ---------  ---------  --------- ---------                
                     loop   0x000007    program     static C:\Users\choug\mcuDesignProjects\mpLab\multiply\Program_Rom.asm
                    delay   0x00000c    program     static C:\Users\choug\mcuDesignProjects\mpLab\multiply\Program_Rom.asm
                   delay1   0x00000e    program     static C:\Users\choug\mcuDesignProjects\mpLab\multiply\Program_Rom.asm
                   delay2   0x00000f    program     static C:\Users\choug\mcuDesignProjects\mpLab\multiply\Program_Rom.asm
                   delay3   0x000010    program     static C:\Users\choug\mcuDesignProjects\mpLab\multiply\Program_Rom.asm


