MPLINK 4.49, Linker
Linker Map File - Created Mon Jan 03 09:44:44 2022

                                 Section Info
                  Section       Type    Address   Location Size(Bytes)
                ---------  ---------  ---------  ---------  ---------
                   .org_0       code   0x000000    program   0x000000
                   .org_1       code   0x000000    program   0x00004a



                              Program Memory Usage 
                               Start         End      
                           ---------   ---------      
                            0x000000    0x000024      
            37 out of 2311 program addresses used, program memory utilization is 1%



                              Symbols - Sorted by Name
                     Name    Address   Location    Storage File                     
                ---------  ---------  ---------  --------- ---------                
                    delay   0x00001a    program     static C:\Users\choug\mcuDesignProjects\mpLab\school_id\Program_Rom.asm
                   delay1   0x00001c    program     static C:\Users\choug\mcuDesignProjects\mpLab\school_id\Program_Rom.asm
                   delay2   0x00001d    program     static C:\Users\choug\mcuDesignProjects\mpLab\school_id\Program_Rom.asm
                   delay3   0x00001e    program     static C:\Users\choug\mcuDesignProjects\mpLab\school_id\Program_Rom.asm
                    start   0x000000    program     static C:\Users\choug\mcuDesignProjects\mpLab\school_id\Program_Rom.asm



                              Symbols - Sorted by Address
                     Name    Address   Location    Storage File                     
                ---------  ---------  ---------  --------- ---------                
                    start   0x000000    program     static C:\Users\choug\mcuDesignProjects\mpLab\school_id\Program_Rom.asm
                    delay   0x00001a    program     static C:\Users\choug\mcuDesignProjects\mpLab\school_id\Program_Rom.asm
                   delay1   0x00001c    program     static C:\Users\choug\mcuDesignProjects\mpLab\school_id\Program_Rom.asm
                   delay2   0x00001d    program     static C:\Users\choug\mcuDesignProjects\mpLab\school_id\Program_Rom.asm
                   delay3   0x00001e    program     static C:\Users\choug\mcuDesignProjects\mpLab\school_id\Program_Rom.asm


